src/components/Dashboard.tsx(1,54): error TS6133: 'useCallback' is declared but its value is never read.
